Nothing to build in platform 'microblaze_min'

19:29:28 **** Incremental Build of configuration Debug for project microblaze_min_app ****
make all 
make: Nothing to be done for 'all'.
Nothing to build in platform 'microblaze_min'

Nothing to build in platform 'microblaze_min'

Nothing to build in platform 'microblaze_min'

20:22:38 **** Incremental Build of configuration Debug for project microblaze_min_app ****
make all 
'Building file: ../src/helloworld.c'
'Invoking: MicroBlaze gcc compiler'
mb-gcc -Wall -O0 -g3 -c -fmessage-length=0 -MT"src/helloworld.o" -IF:/Documents/FPGA/Projects/microblaze_minimal_hls/microblaze_min/export/microblaze_min/sw/microblaze_min/standalone_domain/bspinclude/include -mlittle-endian -mxl-barrel-shift -mxl-pattern-compare -mno-xl-soft-div -mcpu=v11.0 -mno-xl-soft-mul -mxl-multiply-high -mhard-float -Wl,--no-relax -ffunction-sections -fdata-sections -MMD -MP -MF"src/helloworld.d" -MT"src/helloworld.o" -o "src/helloworld.o" "../src/helloworld.c"
../src/helloworld.c: In function 'main':
../src/helloworld.c:87:12: warning: passing argument 1 of 'print' makes pointer from integer without a cast [-Wint-conversion]
   87 |     print( data_result );
      |            ^~~~~~~~~~~
      |            |
      |            u32 {aka long unsigned int}
In file included from ../src/helloworld.c:48:
f:\xilinx\vitis\2020.2\gnu\microblaze\nt\microblazeeb-xilinx-elf\usr\include\stdio.h:250:13: note: expected 'const char *' but argument is of type 'u32' {aka 'long unsigned int'}
  250 | void print (const char* );
      |             ^~~~~~~~~~~
'Finished building: ../src/helloworld.c'
' '
'Building file: ../src/platform.c'
'Invoking: MicroBlaze gcc compiler'
mb-gcc -Wall -O0 -g3 -c -fmessage-length=0 -MT"src/platform.o" -IF:/Documents/FPGA/Projects/microblaze_minimal_hls/microblaze_min/export/microblaze_min/sw/microblaze_min/standalone_domain/bspinclude/include -mlittle-endian -mxl-barrel-shift -mxl-pattern-compare -mno-xl-soft-div -mcpu=v11.0 -mno-xl-soft-mul -mxl-multiply-high -mhard-float -Wl,--no-relax -ffunction-sections -fdata-sections -MMD -MP -MF"src/platform.d" -MT"src/platform.o" -o "src/platform.o" "../src/platform.c"
'Finished building: ../src/platform.c'
' '
'Building target: microblaze_min_app.elf'
'Invoking: MicroBlaze gcc linker'
mb-gcc -Wl,-T -Wl,../src/lscript.ld -LF:/Documents/FPGA/Projects/microblaze_minimal_hls/microblaze_min/export/microblaze_min/sw/microblaze_min/standalone_domain/bsplib/lib -mlittle-endian -mxl-barrel-shift -mxl-pattern-compare -mno-xl-soft-div -mcpu=v11.0 -mno-xl-soft-mul -mxl-multiply-high -mhard-float -Wl,--no-relax -Wl,--gc-sections -o "microblaze_min_app.elf"  ./src/helloworld.o ./src/platform.o   -Wl,--start-group,-lxil,-lgcc,-lc,--end-group
'Finished building target: microblaze_min_app.elf'
' '
'Invoking: MicroBlaze Print Size'
mb-size microblaze_min_app.elf  |tee "microblaze_min_app.elf.size"
   text	   data	    bss	    dec	    hex	filename
   4892	    424	   3116	   8432	   20f0	microblaze_min_app.elf
'Finished building: microblaze_min_app.elf.size'
' '
20:22:40 **** Incremental Build of configuration Debug for project microblaze_min_app_system ****
make all 
Skipping SD card image generation. Reason: "The system project only has applications for microblaze processors."
